https://downloads.skullsecurity.org/passwords/singles.org.txt.bz2
https://downloads.skullsecurity.org/passwords/carders.cc.txt.bz2
https://downloads.skullsecurity.org/passwords/tuscl.txt.bz2
https://downloads.skullsecurity.org/passwords/porn-unknown.txt.bz2
https://downloads.skullsecurity.org/passwords/facebook-pastebay.txt.bz2
https://downloads.skullsecurity.org/passwords/alypaa.txt.bz2
https://downloads.skullsecurity.org/passwords/hak5.txt.bz2
https://downloads.skullsecurity.org/passwords/elitehacker.txt.bz2
https://downloads.skullsecurity.org/passwords/faithwriters.txt.bz2
https://downloads.skullsecurity.org/passwords/hotmail.txt.bz2
https://downloads.skullsecurity.org/passwords/myspace.txt.bz2
https://downloads.skullsecurity.org/passwords/phpbb.txt.bz2
https://downloads.skullsecurity.org/passwords/rockyou.txt.bz2
https://downloads.skullsecurity.org/passwords/cain.txt.bz2
https://downloads.skullsecurity.org/passwords/conficker.txt.bz2
https://downloads.skullsecurity.org/passwords/500-worst-passwords.txt.bz2
https://downloads.skullsecurity.org/passwords/twitter-banned.txt.bz2
https://github.com/danielmiessler/SecLists/blob/master/Passwords/10_million_password_list_top_100.txt
https://github.com/danielmiessler/SecLists/blob/master/Passwords/10_million_password_list_top_1000.txt
https://github.com/danielmiessler/SecLists/blob/master/Passwords/10_million_password_list_top_10000.txt
https://github.com/danielmiessler/SecLists/blob/master/Passwords/10_million_password_list_top_100000.txt
https://github.com/danielmiessler/SecLists/blob/master/Passwords/10_million_password_list_top_1000000.txt
https://github.com/danielmiessler/SecLists/blob/master/Passwords/10_million_password_list_top_500.txt
https://github.com/danielmiessler/SecLists/blob/master/Passwords/10k_most_common.txt
https://github.com/danielmiessler/SecLists/blob/master/Passwords/Basic_Spanish_List.txt
https://github.com/danielmiessler/SecLists/blob/master/Passwords/wordpress_attacks_july2014.txt
https://github.com/danielmiessler/SecLists/blob/master/Passwords/top_shortlist.txt
https://github.com/danielmiessler/SecLists/blob/master/Passwords/splashdata_2015.txt
https://github.com/danielmiessler/SecLists/blob/master/Passwords/splashdata_2014.txt
https://github.com/danielmiessler/SecLists/blob/master/Passwords/passwords_youporn2012.txt
https://github.com/danielmiessler/SecLists/blob/master/Passwords/passwords_john.txt
https://github.com/danielmiessler/SecLists/blob/master/Passwords/passwords_clarkson_82.txt
https://github.com/danielmiessler/SecLists/blob/master/Passwords/password-permutations.txt
https://github.com/danielmiessler/SecLists/blob/master/Passwords/mubix_izmy.txt
https://github.com/danielmiessler/SecLists/blob/master/Passwords/john.txt
https://github.com/danielmiessler/SecLists/blob/master/Passwords/german.txt
https://github.com/danielmiessler/SecLists/blob/master/Passwords/darkc0de.txt
https://github.com/danielmiessler/SecLists/blob/master/Passwords/bible-nocount.txt
https://github.com/danielmiessler/SecLists/blob/master/Passwords/best15.txt
https://github.com/danielmiessler/SecLists/blob/master/Passwords/best110.txt
https://github.com/danielmiessler/SecLists/blob/master/Passwords/best1050.txt
https://github.com/danielmiessler/SecLists/blob/master/Passwords/alleged-gmail-passwords.txt
https://github.com/danielmiessler/SecLists/blob/master/Passwords/UserPassJay.txt